// Jest Snapshot v1, https://goo.gl/fbAQLP

exports[`Dashboard Content renders correctly 1`] = `ShallowWrapper {}`;
