// Jest Snapshot v1, https://goo.gl/fbAQLP

exports[`Dashboard Screen renders correctly 1`] = `ShallowWrapper {}`;
