// Jest Snapshot v1, https://goo.gl/fbAQLP

exports[`Date Picker renders correctly 1`] = `ShallowWrapper {}`;
