// Jest Snapshot v1, https://goo.gl/fbAQLP

exports[`MasterList renders correctly 1`] = `ShallowWrapper {}`;
