// Jest Snapshot v1, https://goo.gl/fbAQLP

exports[`Order Screen renders correctly 1`] = `ShallowWrapper {}`;
