// Jest Snapshot v1, https://goo.gl/fbAQLP

exports[`SortBy renders correctly 1`] = `ShallowWrapper {}`;
